// Jest Snapshot v1, https://goo.gl/fbAQLP

exports[`MenuCard Should render. 1`] = `
<v-card-stub class="mt-3 mb-3">
  <v-card-title-stub>TITLE</v-card-title-stub>
  <v-card-text-stub>
    <v-row-stub align="center">
      <v-col-stub class="d-flex align-center">
        <timer-stub></timer-stub>
        30 min
      </v-col-stub>
      <v-col-stub>
        <calories-stub class="high"></calories-stub>
      </v-col-stub>
    </v-row-stub>
  </v-card-text-stub>
  <v-divider-stub class="mx-4"></v-divider-stub>
  <v-card-text-stub>
    Contient
    <v-chip-group-stub column="">
      <v-chip-stub label="">
        <egg-stub></egg-stub>
      </v-chip-stub>
      <v-chip-stub label="">
        <fish-stub></fish-stub>
      </v-chip-stub>
      <v-chip-stub label="">
        <meat-stub disabled="true"></meat-stub>
      </v-chip-stub>
      <v-chip-stub label="">
        <vegetable-stub disabled="true"></vegetable-stub>
      </v-chip-stub>
    </v-chip-group-stub>
  </v-card-text-stub>
</v-card-stub>
`;
