// Jest Snapshot v1, https://goo.gl/fbAQLP

exports[`MenuCard Should render. 1`] = `
<v-card-stub loaderheight="4" to="/recipes/ID" tag="div" class="mt-3 mb-3">
  <v-card-title-stub>TITLE</v-card-title-stub>
  <v-card-text-stub>
    <v-row-stub tag="div" align="center">
      <v-col-stub tag="div" class="d-flex align-center">
        <timer-stub></timer-stub>
        30 recipes.minutes
      </v-col-stub>
      <v-col-stub tag="div">
        <calories-stub class="high"></calories-stub>
      </v-col-stub>
    </v-row-stub>
  </v-card-text-stub>
  <v-divider-stub class="mx-4"></v-divider-stub>
  <v-card-text-stub>
    recipes.contains
    <v-chip-group-stub activeclass="v-slide-item--active" nexticon="$next" mobilebreakpoint="1264" previcon="$prev" column="true">
      <v-chip-stub activeclass="" tag="span" active="true" closeicon="$delete" filtericon="$complete" label="true">
        <egg-stub disabled="true"></egg-stub>
      </v-chip-stub>
      <v-chip-stub activeclass="" tag="span" active="true" closeicon="$delete" filtericon="$complete" label="true">
        <fish-stub disabled="true"></fish-stub>
      </v-chip-stub>
      <v-chip-stub activeclass="" tag="span" active="true" closeicon="$delete" filtericon="$complete" label="true">
        <meat-stub disabled="true"></meat-stub>
      </v-chip-stub>
      <v-chip-stub activeclass="" tag="span" active="true" closeicon="$delete" filtericon="$complete" label="true">
        <vegetable-stub></vegetable-stub>
      </v-chip-stub>
    </v-chip-group-stub>
  </v-card-text-stub>
</v-card-stub>
`;
