// Jest Snapshot v1, https://goo.gl/fbAQLP

exports[`AddRecipe Should render. 1`] = `
<v-container-stub tag="div">
  <v-stepper-stub value="1" vertical="true">
    <v-stepper-step-stub color="primary" completeicon="$complete" editicon="$edit" erroricon="$error" rules="" step="1">
      Title of the recipe
    </v-stepper-step-stub>
    <v-stepper-content-stub step="1">
      <v-text-field-stub errorcount="1" errormessages="" messages="" rules="" successmessages="" backgroundcolor="" label="Title" loaderheight="2" clearicon="$clear" type="text"></v-text-field-stub>
      <div class="mt-2">
        <v-btn-stub color="primary" tag="button" activeclass="" type="button">Continue</v-btn-stub>
        <v-btn-stub tag="button" activeclass="" text="true" type="button">Cancel</v-btn-stub>
      </div>
    </v-stepper-content-stub>
    <v-stepper-step-stub color="primary" completeicon="$complete" editicon="$edit" erroricon="$error" rules="" step="2">How many minutes to prepare ?</v-stepper-step-stub>
    <v-stepper-content-stub step="2">
      <v-slider-stub errorcount="1" errormessages="" messages="" rules="" successmessages="" backgroundcolor="" loaderheight="2" max="6" min="0" step="1" thumbsize="32" ticklabels="5,10,15,30,45,60,+ 60" ticks="always" ticksize="3"></v-slider-stub>
      <div class="mt-2">
        <v-btn-stub color="primary" tag="button" activeclass="" type="button">Continue</v-btn-stub>
        <v-btn-stub tag="button" activeclass="" text="true" type="button">Cancel</v-btn-stub>
      </div>
    </v-stepper-content-stub>
    <v-stepper-step-stub color="primary" completeicon="$complete" editicon="$edit" erroricon="$error" rules="" step="3">
      What is the level of calories ?
    </v-stepper-step-stub>
    <v-stepper-content-stub step="3">
      <v-slider-stub errorcount="1" errormessages="" messages="" rules="" successmessages="" backgroundcolor="" loaderheight="2" max="2" min="0" step="1" thumbsize="32" ticklabels="Low,Medium,High" ticks="always" ticksize="3"></v-slider-stub>
      <div class="mt-2">
        <v-btn-stub color="primary" tag="button" activeclass="" type="button">Continue</v-btn-stub>
        <v-btn-stub tag="button" activeclass="" text="true" type="button">Cancel</v-btn-stub>
      </div>
    </v-stepper-content-stub>
    <v-stepper-step-stub color="primary" completeicon="$complete" editicon="$edit" erroricon="$error" rules="" step="4">
      What are the starchy foods ?
    </v-stepper-step-stub>
    <v-stepper-content-stub step="4">
      <v-chip-group-stub activeclass="primary" multiple="true" nexticon="$next" mobilebreakpoint="1264" previcon="$prev" column="true">
        <v-chip-stub activeclass="" tag="span" active="true" closeicon="$delete" filtericon="$complete" label="true">Riz</v-chip-stub>
        <v-chip-stub activeclass="" tag="span" active="true" closeicon="$delete" filtericon="$complete" label="true">Pâte</v-chip-stub>
      </v-chip-group-stub>
      <div class="mt-2">
        <v-btn-stub color="primary" tag="button" activeclass="" type="button">Continue</v-btn-stub>
        <v-btn-stub tag="button" activeclass="" text="true" type="button">Cancel</v-btn-stub>
      </div>
    </v-stepper-content-stub>
    <v-stepper-step-stub color="primary" completeicon="$complete" editicon="$edit" erroricon="$error" rules="" step="5">
      What are the vegetables ?
    </v-stepper-step-stub>
    <v-stepper-content-stub step="5">
      <v-chip-group-stub activeclass="primary" multiple="true" nexticon="$next" mobilebreakpoint="1264" previcon="$prev">
        <v-chip-stub activeclass="" tag="span" active="true" closeicon="$delete" filtericon="$complete" label="true">Carotte</v-chip-stub>
        <v-chip-stub activeclass="" tag="span" active="true" closeicon="$delete" filtericon="$complete" label="true">Poireaux</v-chip-stub>
      </v-chip-group-stub>
      <div class="mt-2">
        <v-btn-stub color="primary" tag="button" activeclass="" type="button">Continue</v-btn-stub>
        <v-btn-stub tag="button" activeclass="" text="true" type="button">Cancel</v-btn-stub>
      </div>
    </v-stepper-content-stub>
    <v-stepper-step-stub color="primary" completeicon="$complete" editicon="$edit" erroricon="$error" rules="" step="6">
      What are the animal based ingredients ?
    </v-stepper-step-stub>
    <v-stepper-content-stub step="6">
      <v-chip-group-stub activeclass="primary" multiple="true" nexticon="$next" mobilebreakpoint="1264" previcon="$prev" column="true">
        <v-chip-stub activeclass="" tag="span" active="true" closeicon="$delete" filtericon="$complete" label="true">Steak haché</v-chip-stub>
        <v-chip-stub activeclass="" tag="span" active="true" closeicon="$delete" filtericon="$complete" label="true">Jambon</v-chip-stub>
        <v-chip-stub activeclass="" tag="span" active="true" closeicon="$delete" filtericon="$complete" label="true">Oeuf</v-chip-stub>
      </v-chip-group-stub>
      <div class="mt-2">
        <v-btn-stub color="primary" tag="button" activeclass="" type="button">Continue</v-btn-stub>
        <v-btn-stub tag="button" activeclass="" text="true" type="button">Cancel</v-btn-stub>
      </div>
    </v-stepper-content-stub>
    <v-stepper-step-stub color="primary" completeicon="$complete" editicon="$edit" erroricon="$error" rules="" step="7">
      What are the fruits ?
    </v-stepper-step-stub>
    <v-stepper-content-stub step="7">
      <v-chip-group-stub activeclass="primary" multiple="true" nexticon="$next" mobilebreakpoint="1264" previcon="$prev">
        <v-chip-stub activeclass="" tag="span" active="true" closeicon="$delete" filtericon="$complete" label="true">Pomme</v-chip-stub>
        <v-chip-stub activeclass="" tag="span" active="true" closeicon="$delete" filtericon="$complete" label="true">Banane</v-chip-stub>
      </v-chip-group-stub>
      <div class="mt-2">
        <v-btn-stub color="primary" tag="button" activeclass="" type="button">Continue</v-btn-stub>
        <v-btn-stub tag="button" activeclass="" text="true" type="button">Cancel</v-btn-stub>
      </div>
    </v-stepper-content-stub>
    <v-stepper-step-stub color="primary" completeicon="$complete" editicon="$edit" erroricon="$error" rules="" step="8">
      What are the dairy products ?
    </v-stepper-step-stub>
    <v-stepper-content-stub step="8">
      <v-chip-group-stub activeclass="primary" multiple="true" nexticon="$next" mobilebreakpoint="1264" previcon="$prev">
        <v-chip-stub activeclass="" tag="span" active="true" closeicon="$delete" filtericon="$complete" label="true">Crème fraiche</v-chip-stub>
        <v-chip-stub activeclass="" tag="span" active="true" closeicon="$delete" filtericon="$complete" label="true">Lait</v-chip-stub>
      </v-chip-group-stub>
      <div class="mt-2">
        <v-btn-stub color="primary" tag="button" activeclass="" type="button">Continue</v-btn-stub>
        <v-btn-stub tag="button" activeclass="" text="true" type="button">Cancel</v-btn-stub>
      </div>
    </v-stepper-content-stub>
    <v-stepper-step-stub color="primary" completeicon="$complete" editicon="$edit" erroricon="$error" rules="" step="9">
      What are the condiments / spices ?
    </v-stepper-step-stub>
    <v-stepper-content-stub step="9">
      <v-chip-group-stub activeclass="primary" multiple="true" nexticon="$next" mobilebreakpoint="1264" previcon="$prev">
        <v-chip-stub activeclass="" tag="span" active="true" closeicon="$delete" filtericon="$complete" label="true">Ketchup</v-chip-stub>
        <v-chip-stub activeclass="" tag="span" active="true" closeicon="$delete" filtericon="$complete" label="true">Sel de guérande</v-chip-stub>
      </v-chip-group-stub>
      <div class="mt-2">
        <v-btn-stub color="primary" tag="button" activeclass="" type="button">Continue</v-btn-stub>
        <v-btn-stub tag="button" activeclass="" text="true" type="button">Cancel</v-btn-stub>
      </div>
    </v-stepper-content-stub>
    <v-stepper-step-stub color="primary" completeicon="$complete" editicon="$edit" erroricon="$error" rules="" step="10">
      What are the others ingredients ?
    </v-stepper-step-stub>
    <v-stepper-content-stub step="10">
      <v-chip-group-stub activeclass="primary" multiple="true" nexticon="$next" mobilebreakpoint="1264" previcon="$prev">
        <v-chip-stub activeclass="" tag="span" active="true" closeicon="$delete" filter="true" filtericon="$complete" label="true">Vin blanc</v-chip-stub>
        <v-chip-stub activeclass="" tag="span" active="true" closeicon="$delete" filter="true" filtericon="$complete" label="true">Levure</v-chip-stub>
      </v-chip-group-stub>
      <div class="mt-2">
        <v-btn-stub color="primary" tag="button" activeclass="" type="button">Continue</v-btn-stub>
        <v-btn-stub tag="button" activeclass="" text="true" type="button">Cancel</v-btn-stub>
      </div>
    </v-stepper-content-stub>
  </v-stepper-stub>
</v-container-stub>
`;
